../drivers/fsl_clock.h:1973:22:CLOCK_IsPLL0Locked	4	static
../drivers/fsl_clock.h:1981:22:CLOCK_IsPLL1Locked	4	static
../drivers/fsl_clock.c:145:10:CLOCK_SetupFROHFClocking	16	static
../drivers/fsl_clock.c:179:10:CLOCK_SetupExtClocking	24	static
../drivers/fsl_clock.c:253:10:CLOCK_SetupExtRefClocking	24	static
../drivers/fsl_clock.c:330:10:CLOCK_SetupOsc32KClocking	24	static
../drivers/fsl_clock.c:384:6:CLOCK_GetDefaultOsc32KConfig	16	static
../drivers/fsl_clock.c:405:10:CLOCK_SetupOsc32KClockingConfig	32	static
../drivers/fsl_clock.c:498:10:CLOCK_SetupClk16KClocking	16	static
../drivers/fsl_clock.c:516:10:CLOCK_FROHFTrimConfig	16	static
../drivers/fsl_clock.c:551:10:CLOCK_FRO12MTrimConfig	16	static
../drivers/fsl_clock.c:590:6:CLOCK_SetSysOscMonitorMode	24	static
../drivers/fsl_clock.c:609:6:CLOCK_SetRoscMonitorMode	24	static
../drivers/fsl_clock.c:628:6:CLOCK_SetUpllMonitorMode	24	static
../drivers/fsl_clock.c:647:6:CLOCK_SetPll0MonitorMode	24	static
../drivers/fsl_clock.c:666:6:CLOCK_SetPll1MonitorMode	24	static
../drivers/fsl_clock.c:684:10:CLOCK_SetFLASHAccessCyclesForFreq	24	static
../drivers/fsl_clock.c:770:6:VBAT_SetOscConfig	24	static
../drivers/fsl_clock.c:815:6:CLOCK_AttachClk	40	static
../drivers/fsl_clock.c:867:19:CLOCK_GetClockAttachId	48	static
../drivers/fsl_clock.c:921:6:CLOCK_SetClkDiv	24	static
../drivers/fsl_clock.c:945:10:CLOCK_GetClkDiv	24	static
../drivers/fsl_clock.c:970:6:CLOCK_HaltClkDiv	24	static
../drivers/fsl_clock.c:988:6:CLOCK_SetupClockCtrl	16	static
../drivers/fsl_clock.c:999:10:CLOCK_GetFreq	24	static
../drivers/fsl_clock.c:1088:10:CLOCK_GetCTimerClkFreq	24	static
../drivers/fsl_clock.c:1142:10:CLOCK_GetAdcClkFreq	24	static
../drivers/fsl_clock.c:1182:10:CLOCK_GetUsb0ClkFreq	16	static
../drivers/fsl_clock.c:1219:10:CLOCK_GetLPFlexCommClkFreq	24	static
../drivers/fsl_clock.c:1255:10:CLOCK_GetSctClkFreq	16	static
../drivers/fsl_clock.c:1294:10:CLOCK_GetTsiClkFreq	16	static
../drivers/fsl_clock.c:1318:10:CLOCK_GetSincFilterClkFreq	16	static
../drivers/fsl_clock.c:1353:10:CLOCK_GetDacClkFreq	24	static
../drivers/fsl_clock.c:1386:10:CLOCK_GetFlexspiClkFreq	16	static
../drivers/fsl_clock.c:1415:10:CLOCK_GetPll0OutFreq	32	static
../drivers/fsl_clock.c:1443:10:CLOCK_GetPll1OutFreq	32	static
../drivers/fsl_clock.c:1471:10:CLOCK_GetPllClkDivFreq	16	static
../drivers/fsl_clock.c:1498:10:CLOCK_GetExtUpllFreq	4	static
../drivers/fsl_clock.c:1512:6:CLOCK_SetExtUpllFreq	16	static
../drivers/fsl_clock.c:1521:10:CLOCK_GetI3cClkFreq	24	static
../drivers/fsl_clock.c:1557:10:CLOCK_GetI3cSTCClkFreq	24	static
../drivers/fsl_clock.c:1604:10:CLOCK_GetI3cSClkFreq	24	static
../drivers/fsl_clock.c:1629:10:CLOCK_GetMicfilClkFreq	16	static
../drivers/fsl_clock.c:1670:10:CLOCK_GetUsdhcClkFreq	16	static
../drivers/fsl_clock.c:1705:10:CLOCK_GetFlexioClkFreq	16	static
../drivers/fsl_clock.c:1740:10:CLOCK_GetFlexcanClkFreq	24	static
../drivers/fsl_clock.c:1776:10:CLOCK_GetEnetRmiiClkFreq	16	static
../drivers/fsl_clock.c:1803:10:CLOCK_GetEnetPtpRefClkFreq	16	static
../drivers/fsl_clock.c:1833:6:CLOCK_SetupEnetTxClk	16	static
../drivers/fsl_clock.c:1844:10:CLOCK_GetEnetTxClkFreq	4	static
../drivers/fsl_clock.c:1853:10:CLOCK_GetEwm0ClkFreq	16	static
../drivers/fsl_clock.c:1877:10:CLOCK_GetWdtClkFreq	24	static
../drivers/fsl_clock.c:1918:10:CLOCK_GetOstimerClkFreq	16	static
../drivers/fsl_clock.c:1945:10:CLOCK_GetCmpFClkFreq	24	static
../drivers/fsl_clock.c:1985:10:CLOCK_GetCmpRRClkFreq	24	static
../drivers/fsl_clock.c:2025:10:CLOCK_GetSaiClkFreq	24	static
../drivers/fsl_clock.c:2061:6:CLOCK_SetupSaiMclk	16	static
../drivers/fsl_clock.c:2072:6:CLOCK_SetupSaiTxBclk	16	static
../drivers/fsl_clock.c:2083:6:CLOCK_SetupSaiRxBclk	16	static
../drivers/fsl_clock.c:2094:10:CLOCK_GetSaiMclkFreq	16	static
../drivers/fsl_clock.c:2103:10:CLOCK_GetSaiTxBclkFreq	16	static
../drivers/fsl_clock.c:2112:10:CLOCK_GetSaiRxBclkFreq	16	static
../drivers/fsl_clock.c:2121:10:CLOCK_GetEmvsimClkFreq	24	static
../drivers/fsl_clock.c:2158:10:CLOCK_GetPLL0InClockRate	16	static
../drivers/fsl_clock.c:2182:10:CLOCK_GetPLL1InClockRate	16	static
../drivers/fsl_clock.c:2210:10:CLOCK_GetPLLOutFromSetup	40	static
../drivers/fsl_clock.c:2238:13:CLOCK_SetupPLLData	24	static
../drivers/fsl_clock.c:2289:13:CLOCK_SetPLL0Freq	40	static
../drivers/fsl_clock.c:2347:13:CLOCK_SetPLL1Freq	40	static
../drivers/fsl_clock.c:2397:6:CLOCK_EnableOstimer32kClock	4	static
../drivers/fsl_clock.c:2406:17:CLOCK_GetFro12MFreq	4	static
../drivers/fsl_clock.c:2415:17:CLOCK_GetClk1MFreq	4	static
../drivers/fsl_clock.c:2424:17:CLOCK_GetFroHfFreq	16	static
../drivers/fsl_clock.c:2448:17:CLOCK_GetClk48MFreq	4	static
../drivers/fsl_clock.c:2457:17:CLOCK_GetClk144MFreq	4	static
../drivers/fsl_clock.c:2466:17:CLOCK_GetClk16KFreq	16	static
../drivers/fsl_clock.c:2477:17:CLOCK_GetExtClkFreq	4	static
../drivers/fsl_clock.c:2486:17:CLOCK_GetOsc32KFreq	16	static
../drivers/fsl_clock.c:2497:10:CLOCK_GetMainClkFreq	16	static
../drivers/fsl_clock.c:2536:10:CLOCK_GetCoreSysClkFreq	16	static
../drivers/fsl_clock.c:2549:17:CLOCK_GetSystickClkFreq	24	static
../drivers/fsl_clock.c:2576:17:CLOCK_GetClockOutClkFreq	16	static
../drivers/fsl_clock.c:2617:17:CLOCK_GetLposcFreq	16	static
../drivers/fsl_clock.c:2638:13:pllFindSel	32	static
../drivers/fsl_clock.c:2682:17:findPll0PreDiv	16	static
../drivers/fsl_clock.c:2699:17:findPll1PreDiv	16	static
../drivers/fsl_clock.c:2716:17:findPll0PostDiv	16	static
../drivers/fsl_clock.c:2740:17:findPll1PostDiv	16	static
../drivers/fsl_clock.c:2764:14:findPll0MMult	24	static
../drivers/fsl_clock.c:2790:14:findPll1MMult	24	static
../drivers/fsl_clock.c:2816:17:FindGreatestCommonDivisor	24	static
../drivers/fsl_clock.c:2842:20:CLOCK_GetPllConfig	32	static
../drivers/fsl_clock.c:2898:20:CLOCK_GetPllConfigInternal	128	static
../drivers/fsl_clock.c:3055:17:CLOCK_GetPLLInClockRateFromSetup	24	static
../drivers/fsl_clock.c:3079:17:findPllPreDivFromSetup	24	static
../drivers/fsl_clock.c:3096:17:findPllPostDivFromSetup	24	static
../drivers/fsl_clock.c:3120:14:findPllMMultFromSetup	32	static
../drivers/fsl_clock.c:3148:6:CLOCK_EnableUsbfsClock	8	static
../drivers/fsl_clock.c:3169:6:CLOCK_EnableUsbhsPhyPllClock	24	static
../drivers/fsl_clock.c:3259:6:CLOCK_DisableUsbhsPhyPllClock	4	static
../drivers/fsl_clock.c:3268:6:CLOCK_EnableUsbhsClock	16	static
../drivers/fsl_clock.c:3283:10:CLOCK_FIRCAutoTrimWithSOF	16	static
