../lwip/src/core/ipv4/ip4_frag.c:146:1:ip_reass_tmr	24	static
../lwip/src/core/ipv4/ip4_frag.c:196:1:ip_reass_free_complete_datagram	40	static
../lwip/src/core/ipv4/ip4_frag.c:259:1:ip_reass_remove_oldest_datagram	48	static
../lwip/src/core/ipv4/ip4_frag.c:310:1:ip_reass_enqueue_new_datagram	24	static
../lwip/src/core/ipv4/ip4_frag.c:349:1:ip_reass_dequeue_datagram	16	static
../lwip/src/core/ipv4/ip4_frag.c:376:1:ip_reass_chain_frag_into_datagram_and_validate	56	static
../lwip/src/core/ipv4/ip4_frag.c:535:1:ip4_reass	64	static
../lwip/src/core/ipv4/ip4_frag.c:737:1:ip_frag_alloc_pbuf_custom_ref	8	static
../lwip/src/core/ipv4/ip4_frag.c:744:1:ip_frag_free_pbuf_custom_ref	16	static
../lwip/src/core/ipv4/ip4_frag.c:753:1:ipfrag_free_pbuf_custom	24	static
../lwip/src/core/ipv4/ip4_frag.c:778:1:ip4_frag	88	static
