16:44:16 **** Incremental Build of configuration Debug for project frdmmcxn947_lpadc_temperature_measurement_cm33_core0 ****
make -r -j8 all 
make[1]: Nothing to be done for 'main-build'.
Performing post-build steps
arm-none-eabi-size "frdmmcxn947_lpadc_temperature_measurement_cm33_core0.axf"; # arm-none-eabi-objcopy -v -O binary "frdmmcxn947_lpadc_temperature_measurement_cm33_core0.axf" "frdmmcxn947_lpadc_temperature_measurement_cm33_core0.bin" ; # checksum -p MCXN947 -d "frdmmcxn947_lpadc_temperature_measurement_cm33_core0.bin";
   text	   data	    bss	    dec	    hex	filename
  27820	     12	   8764	  36596	   8ef4	frdmmcxn947_lpadc_temperature_measurement_cm33_core0.axf
 

16:44:17 Build Finished. 0 errors, 0 warnings. (took 334ms)

